Archive member included to satisfy reference by file (symbol)

/home/bram/Documents/vives/kortrijk/buisnesproject/Compilen/firmware/build/bootloader/main/libmain.a(bootloader_start.o)
                              (call_start_cpu)
/home/bram/Documents/vives/kortrijk/buisnesproject/Compilen/firmware/build/bootloader/bootloader_support/libbootloader_support.a(bootloader_init.o)
                              /home/bram/Documents/vives/kortrijk/buisnesproject/Compilen/firmware/build/bootloader/main/libmain.a(bootloader_start.o) (bootloader_init)
/home/bram/Documents/vives/kortrijk/buisnesproject/Compilen/firmware/build/bootloader/bootloader_support/libbootloader_support.a(bootloader_utility.o)
                              /home/bram/Documents/vives/kortrijk/buisnesproject/Compilen/firmware/build/bootloader/main/libmain.a(bootloader_start.o) (bootloader_utility_load_partition_table)
/home/bram/Documents/vives/kortrijk/buisnesproject/Compilen/firmware/build/bootloader/bootloader_support/libbootloader_support.a(esp_image_format.o)
                              /home/bram/Documents/vives/kortrijk/buisnesproject/Compilen/firmware/build/bootloader/bootloader_support/libbootloader_support.a(bootloader_utility.o) (esp_image_load)
/home/bram/Documents/vives/kortrijk/buisnesproject/Compilen/firmware/build/bootloader/bootloader_support/libbootloader_support.a(flash_partitions.o)
                              /home/bram/Documents/vives/kortrijk/buisnesproject/Compilen/firmware/build/bootloader/bootloader_support/libbootloader_support.a(bootloader_utility.o) (esp_partition_table_basic_verify)
/home/bram/Documents/vives/kortrijk/buisnesproject/Compilen/firmware/build/bootloader/bootloader_support/libbootloader_support.a(bootloader_common.o)
                              /home/bram/Documents/vives/kortrijk/buisnesproject/Compilen/firmware/build/bootloader/bootloader_support/libbootloader_support.a(bootloader_utility.o) (bootloader_common_ota_select_valid)
/home/bram/Documents/vives/kortrijk/buisnesproject/Compilen/firmware/build/bootloader/bootloader_support/libbootloader_support.a(bootloader_flash.o)
                              /home/bram/Documents/vives/kortrijk/buisnesproject/Compilen/firmware/build/bootloader/bootloader_support/libbootloader_support.a(bootloader_utility.o) (bootloader_mmap)
/home/bram/Documents/vives/kortrijk/buisnesproject/Compilen/firmware/build/bootloader/spi_flash/libspi_flash.a(spi_flash.o)
                              /home/bram/Documents/vives/kortrijk/buisnesproject/Compilen/firmware/build/bootloader/bootloader_support/libbootloader_support.a(flash_partitions.o) (g_rom_flashchip)
/home/bram/Documents/vives/kortrijk/buisnesproject/Compilen/firmware/build/bootloader/spi_flash/libspi_flash.a(spi_flash_raw.o)
                              /home/bram/Documents/vives/kortrijk/buisnesproject/Compilen/firmware/build/bootloader/spi_flash/libspi_flash.a(spi_flash.o) (spi_flash_get_id_raw)
/home/bram/Documents/vives/kortrijk/buisnesproject/Compilen/firmware/build/bootloader/log/liblog.a(log.o)
                              /home/bram/Documents/vives/kortrijk/buisnesproject/Compilen/firmware/build/bootloader/bootloader_support/libbootloader_support.a(bootloader_common.o) (esp_log_early_timestamp)
/home/bram/Documents/vives/kortrijk/buisnesproject/Compilen/firmware/build/bootloader/esp8266/libesp8266.a(ets_printf.o)
                              /home/bram/Documents/vives/kortrijk/buisnesproject/Compilen/firmware/build/bootloader/log/liblog.a(log.o) (ets_vprintf)
/home/bram/Documents/vives/kortrijk/buisnesproject/Compilen/firmware/build/bootloader/esp8266/libesp8266.a(crc.o)
                              /home/bram/Documents/vives/kortrijk/buisnesproject/Compilen/firmware/build/bootloader/bootloader_support/libbootloader_support.a(bootloader_common.o) (crc32_le)
/home/bram/Documents/vives/kortrijk/buisnesproject/Compilen/firmware/build/bootloader/esp8266/libesp8266.a(esp_fast_boot.o)
                              /home/bram/Documents/vives/kortrijk/buisnesproject/Compilen/firmware/build/bootloader/bootloader_support/libbootloader_support.a(bootloader_utility.o) (esp_fast_boot_get_info)
/home/bram/esp/ESP8266_RTOS_SDK/components/esp8266/lib/libcore.a(phy.o)
                              /home/bram/Documents/vives/kortrijk/buisnesproject/Compilen/firmware/build/bootloader/bootloader_support/libbootloader_support.a(bootloader_init.o) (phy_reg_default)
/home/bram/esp/ESP8266_RTOS_SDK/components/esp8266/lib/libcore.a(uart.o)
                              /home/bram/Documents/vives/kortrijk/buisnesproject/Compilen/firmware/build/bootloader/bootloader_support/libbootloader_support.a(bootloader_init.o) (uart_div_modify)

Allocating common symbols
Common symbol       size              file

esp_image_spi_freq_t
                    0x4               /home/bram/Documents/vives/kortrijk/buisnesproject/Compilen/firmware/build/bootloader/main/libmain.a(bootloader_start.o)

Discarded input sections

[...]
Memory Configuration

Name             Origin             Length             Attributes
dport0_seg       0x000000003ff00000 0x0000000000000010
dram_seg         0x000000003ffe8000 0x0000000000017c00
iram_seg         0x0000000040100000 0x0000000000008000
*default*        0x0000000000000000 0xffffffffffffffff

Linker script and memory map

START GROUP
LOAD /home/bram/Documents/vives/kortrijk/buisnesproject/Compilen/firmware/build/bootloader/main/libmain.a
LOAD /home/bram/esp/ESP8266_RTOS_SDK/components/esp8266/lib/libcore.a
LOAD /home/bram/Documents/vives/kortrijk/buisnesproject/Compilen/firmware/build/bootloader/bootloader_support/libbootloader_support.a
LOAD /home/bram/Documents/vives/kortrijk/buisnesproject/Compilen/firmware/build/bootloader/spi_flash/libspi_flash.a
LOAD /home/bram/Documents/vives/kortrijk/buisnesproject/Compilen/firmware/build/bootloader/log/liblog.a
LOAD /home/bram/Documents/vives/kortrijk/buisnesproject/Compilen/firmware/build/bootloader/esp8266/libesp8266.a
LOAD /home/bram/esp/ESP8266_RTOS_SDK/components/esp8266/lib/libgcc.a
LOAD /home/bram/esp/xtensa-esp32-elf/bin/../lib/gcc/xtensa-esp32-elf/8.4.0/../../../../xtensa-esp32-elf/lib/libstdc++.a
LOAD /home/bram/esp/xtensa-esp32-elf/bin/../lib/gcc/xtensa-esp32-elf/8.4.0/libgcov.a
END GROUP

.text           0x0000000040100000     0x18e1
                0x0000000040100000                _stext = .
                0x0000000040100000                _text_start = ABSOLUTE (.)
                0x0000000040100000                . = ALIGN (0x10)
 *(.entry.text)
 *(.init.literal)
 *(.init)
 *(.literal .text .literal.* .text.* .stub .gnu.warning .gnu.linkonce.literal.* .gnu.linkonce.t.*.literal .gnu.linkonce.t.*)
 .literal.selected_boot_partition
                0x0000000040100000        0x0 /home/bram/Documents/vives/kortrijk/buisnesproject/Compilen/firmware/build/bootloader/main/libmain.a(bootloader_start.o)
                                          0x4 (size before relaxing)
 .literal.select_image
                0x0000000040100000        0xc /home/bram/Documents/vives/kortrijk/buisnesproject/Compilen/firmware/build/bootloader/main/libmain.a(bootloader_start.o)
                                         0x1c (size before relaxing)
 .literal.call_start_cpu
                0x000000004010000c        0x0 /home/bram/Documents/vives/kortrijk/buisnesproject/Compilen/firmware/build/bootloader/main/libmain.a(bootloader_start.o)
                                          0xc (size before relaxing)
 .literal.print_flash_info
                0x000000004010000c       0x48 /home/bram/Documents/vives/kortrijk/buisnesproject/Compilen/firmware/build/bootloader/bootloader_support/libbootloader_support.a(bootloader_init.o)
                                         0x54 (size before relaxing)
 .literal.uart_console_configure
                0x0000000040100054        0x0 /home/bram/Documents/vives/kortrijk/buisnesproject/Compilen/firmware/build/bootloader/bootloader_support/libbootloader_support.a(bootloader_init.o)
                                          0x4 (size before relaxing)
 .literal.update_flash_config
                0x0000000040100054        0x4 /home/bram/Documents/vives/kortrijk/buisnesproject/Compilen/firmware/build/bootloader/bootloader_support/libbootloader_support.a(bootloader_init.o)
                                          0x8 (size before relaxing)
 .literal.bootloader_main
                0x0000000040100058       0x10 /home/bram/Documents/vives/kortrijk/buisnesproject/Compilen/firmware/build/bootloader/bootloader_support/libbootloader_support.a(bootloader_init.o)
                                         0x34 (size before relaxing)
 .literal.bootloader_init
                0x0000000040100068        0x8 /home/bram/Documents/vives/kortrijk/buisnesproject/Compilen/firmware/build/bootloader/bootloader_support/libbootloader_support.a(bootloader_init.o)
                                         0x10 (size before relaxing)
 .literal.bootloader_utility_start_image
                0x0000000040100070        0x0 /home/bram/Documents/vives/kortrijk/buisnesproject/Compilen/firmware/build/bootloader/bootloader_support/libbootloader_support.a(bootloader_utility.o)
                                          0x4 (size before relaxing)
 .literal.log_invalid_app_partition
                0x0000000040100070       0x14 /home/bram/Documents/vives/kortrijk/buisnesproject/Compilen/firmware/build/bootloader/bootloader_support/libbootloader_support.a(bootloader_utility.o)
                                         0x20 (size before relaxing)
 .literal.try_load_partition
                0x0000000040100084        0x4 /home/bram/Documents/vives/kortrijk/buisnesproject/Compilen/firmware/build/bootloader/bootloader_support/libbootloader_support.a(bootloader_utility.o)
                                         0x10 (size before relaxing)
 .literal.bootloader_utility_load_partition_table
                0x0000000040100088       0x4c /home/bram/Documents/vives/kortrijk/buisnesproject/Compilen/firmware/build/bootloader/bootloader_support/libbootloader_support.a(bootloader_utility.o)
                                         0x74 (size before relaxing)
 .literal.bootloader_utility_get_selected_boot_partition
                0x00000000401000d4       0x18 /home/bram/Documents/vives/kortrijk/buisnesproject/Compilen/firmware/build/bootloader/bootloader_support/libbootloader_support.a(bootloader_utility.o)
                                         0x58 (size before relaxing)
 .literal.bootloader_utility_load_boot_image
                0x00000000401000ec        0xc /home/bram/Documents/vives/kortrijk/buisnesproject/Compilen/firmware/build/bootloader/bootloader_support/libbootloader_support.a(bootloader_utility.o)
                                         0x40 (size before relaxing)
 .literal.bootloader_utility_load_image
                0x00000000401000f8        0x0 /home/bram/Documents/vives/kortrijk/buisnesproject/Compilen/firmware/build/bootloader/bootloader_support/libbootloader_support.a(bootloader_utility.o)
                                          0x4 (size before relaxing)
 .literal.should_map
                0x00000000401000f8        0x8 /home/bram/Documents/vives/kortrijk/buisnesproject/Compilen/firmware/build/bootloader/bootloader_support/libbootloader_support.a(esp_image_format.o)
 .literal.should_load
                0x0000000040100100        0x0 /home/bram/Documents/vives/kortrijk/buisnesproject/Compilen/firmware/build/bootloader/bootloader_support/libbootloader_support.a(esp_image_format.o)
                                          0x4 (size before relaxing)
 .literal.verify_image_header
                0x0000000040100100       0x14 /home/bram/Documents/vives/kortrijk/buisnesproject/Compilen/firmware/build/bootloader/bootloader_support/libbootloader_support.a(esp_image_format.o)
                                         0x20 (size before relaxing)
 .literal.process_segment_data
                0x0000000040100114        0x8 /home/bram/Documents/vives/kortrijk/buisnesproject/Compilen/firmware/build/bootloader/bootloader_support/libbootloader_support.a(esp_image_format.o)
                                         0x14 (size before relaxing)
 .literal.verify_checksum
                0x000000004010011c        0x8 /home/bram/Documents/vives/kortrijk/buisnesproject/Compilen/firmware/build/bootloader/bootloader_support/libbootloader_support.a(esp_image_format.o)
                                         0x1c (size before relaxing)
 .literal.process_segment
                0x0000000040100124       0x18 /home/bram/Documents/vives/kortrijk/buisnesproject/Compilen/firmware/build/bootloader/bootloader_support/libbootloader_support.a(esp_image_format.o)
                                         0x40 (size before relaxing)
 .literal.esp_image_load
                0x000000004010013c       0x14 /home/bram/Documents/vives/kortrijk/buisnesproject/Compilen/firmware/build/bootloader/bootloader_support/libbootloader_support.a(esp_image_format.o)
                                         0x44 (size before relaxing)
 .literal.esp_partition_table_basic_verify
                0x0000000040100150       0x1c /home/bram/Documents/vives/kortrijk/buisnesproject/Compilen/firmware/build/bootloader/bootloader_support/libbootloader_support.a(flash_partitions.o)
                                         0x2c (size before relaxing)
 .literal.bootloader_common_ota_select_crc
                0x000000004010016c        0x0 /home/bram/Documents/vives/kortrijk/buisnesproject/Compilen/firmware/build/bootloader/bootloader_support/libbootloader_support.a(bootloader_common.o)
                                          0x4 (size before relaxing)
 .literal.bootloader_common_ota_select_valid
                0x000000004010016c        0x0 /home/bram/Documents/vives/kortrijk/buisnesproject/Compilen/firmware/build/bootloader/bootloader_support/libbootloader_support.a(bootloader_common.o)
                                          0x4 (size before relaxing)
 .literal.bootloader_flash_read_no_decrypt
                0x000000004010016c        0x4 /home/bram/Documents/vives/kortrijk/buisnesproject/Compilen/firmware/build/bootloader/bootloader_support/libbootloader_support.a(bootloader_flash.o)
 .literal.bootloader_mmap
                0x0000000040100170       0x30 /home/bram/Documents/vives/kortrijk/buisnesproject/Compilen/firmware/build/bootloader/bootloader_support/libbootloader_support.a(bootloader_flash.o)
                                         0x3c (size before relaxing)
 .literal.bootloader_munmap
                0x00000000401001a0        0x0 /home/bram/Documents/vives/kortrijk/buisnesproject/Compilen/firmware/build/bootloader/bootloader_support/libbootloader_support.a(bootloader_flash.o)
                                          0x8 (size before relaxing)
 .literal.bootloader_flash_read
                0x00000000401001a0        0xc /home/bram/Documents/vives/kortrijk/buisnesproject/Compilen/firmware/build/bootloader/bootloader_support/libbootloader_support.a(bootloader_flash.o)
                                         0x20 (size before relaxing)
 .literal.spi_user_cmd
                0x00000000401001ac        0x4 /home/bram/Documents/vives/kortrijk/buisnesproject/Compilen/firmware/build/bootloader/spi_flash/libspi_flash.a(spi_flash.o)
                                          0xc (size before relaxing)
 .literal.special_flash_read_status
                0x00000000401001b0        0x0 /home/bram/Documents/vives/kortrijk/buisnesproject/Compilen/firmware/build/bootloader/spi_flash/libspi_flash.a(spi_flash.o)
                                          0x4 (size before relaxing)
 .literal.flash_gd25q32c_read_status
                0x00000000401001b0        0x0 /home/bram/Documents/vives/kortrijk/buisnesproject/Compilen/firmware/build/bootloader/spi_flash/libspi_flash.a(spi_flash.o)
                                          0x4 (size before relaxing)
 .literal.special_flash_write_status
                0x00000000401001b0        0x0 /home/bram/Documents/vives/kortrijk/buisnesproject/Compilen/firmware/build/bootloader/spi_flash/libspi_flash.a(spi_flash.o)
                                          0x8 (size before relaxing)
 .literal.spi_flash_enable_qio_bit6
                0x00000000401001b0        0x0 /home/bram/Documents/vives/kortrijk/buisnesproject/Compilen/firmware/build/bootloader/spi_flash/libspi_flash.a(spi_flash.o)
                                          0x4 (size before relaxing)
 .literal.flash_gd25q32c_write_status
                0x00000000401001b0        0x0 /home/bram/Documents/vives/kortrijk/buisnesproject/Compilen/firmware/build/bootloader/spi_flash/libspi_flash.a(spi_flash.o)
                                          0x4 (size before relaxing)
 .literal.flash_gd25q32c_enable_QIO_mode
                0x00000000401001b0        0x0 /home/bram/Documents/vives/kortrijk/buisnesproject/Compilen/firmware/build/bootloader/spi_flash/libspi_flash.a(spi_flash.o)
                                          0xc (size before relaxing)
 .literal.en25q16x_read_sfdp
                0x00000000401001b0        0x4 /home/bram/Documents/vives/kortrijk/buisnesproject/Compilen/firmware/build/bootloader/spi_flash/libspi_flash.a(spi_flash.o)
                                          0x8 (size before relaxing)
 .literal.spi_flash_get_id
                0x00000000401001b4        0x0 /home/bram/Documents/vives/kortrijk/buisnesproject/Compilen/firmware/build/bootloader/spi_flash/libspi_flash.a(spi_flash.o)
                                          0xc (size before relaxing)
 .literal.spi_flash_read_status
                0x00000000401001b4        0x0 /home/bram/Documents/vives/kortrijk/buisnesproject/Compilen/firmware/build/bootloader/spi_flash/libspi_flash.a(spi_flash.o)
                                          0xc (size before relaxing)
 .literal.spi_flash_issi_enable_QIO_mode
                0x00000000401001b4        0x0 /home/bram/Documents/vives/kortrijk/buisnesproject/Compilen/firmware/build/bootloader/spi_flash/libspi_flash.a(spi_flash.o)
                                          0xc (size before relaxing)
 .literal.special_flash_set_mode
                0x00000000401001b4        0x0 /home/bram/Documents/vives/kortrijk/buisnesproject/Compilen/firmware/build/bootloader/spi_flash/libspi_flash.a(spi_flash.o)
                                          0x8 (size before relaxing)
 .literal.en25q16x_write_volatile_status
                0x00000000401001b4        0x0 /home/bram/Documents/vives/kortrijk/buisnesproject/Compilen/firmware/build/bootloader/spi_flash/libspi_flash.a(spi_flash.o)
                                         0x14 (size before relaxing)
 .literal.user_spi_flash_dio_to_qio_pre_init
                0x00000000401001b4        0xc /home/bram/Documents/vives/kortrijk/buisnesproject/Compilen/firmware/build/bootloader/spi_flash/libspi_flash.a(spi_flash.o)
                                         0x30 (size before relaxing)
 .literal.esp_spi_flash_init
                0x00000000401001c0       0x20 /home/bram/Documents/vives/kortrijk/buisnesproject/Compilen/firmware/build/bootloader/spi_flash/libspi_flash.a(spi_flash.o)
                                         0x28 (size before relaxing)
 .literal.Cache_Read_Disable_2
                0x00000000401001e0        0xc /home/bram/Documents/vives/kortrijk/buisnesproject/Compilen/firmware/build/bootloader/spi_flash/libspi_flash.a(spi_flash_raw.o)
                                         0x10 (size before relaxing)
 .literal.Cache_Read_Enable_2
                0x00000000401001ec        0x4 /home/bram/Documents/vives/kortrijk/buisnesproject/Compilen/firmware/build/bootloader/spi_flash/libspi_flash.a(spi_flash_raw.o)
                                          0xc (size before relaxing)
 .literal.spi_flash_get_id_raw
                0x00000000401001f0       0x10 /home/bram/Documents/vives/kortrijk/buisnesproject/Compilen/firmware/build/bootloader/spi_flash/libspi_flash.a(spi_flash_raw.o)
                                         0x1c (size before relaxing)
 .literal.spi_flash_read_status_raw
                0x0000000040100200        0x4 /home/bram/Documents/vives/kortrijk/buisnesproject/Compilen/firmware/build/bootloader/spi_flash/libspi_flash.a(spi_flash_raw.o)
                                          0xc (size before relaxing)
 .literal.spi_flash_enable_qmode_raw
                0x0000000040100204        0x4 /home/bram/Documents/vives/kortrijk/buisnesproject/Compilen/firmware/build/bootloader/spi_flash/libspi_flash.a(spi_flash_raw.o)
                                         0x10 (size before relaxing)
 .literal.spi_user_cmd_raw
                0x0000000040100208       0x64 /home/bram/Documents/vives/kortrijk/buisnesproject/Compilen/firmware/build/bootloader/spi_flash/libspi_flash.a(spi_flash_raw.o)
                                         0x8c (size before relaxing)
 .literal.spi_flash_switch_to_qio_raw
                0x000000004010026c        0x8 /home/bram/Documents/vives/kortrijk/buisnesproject/Compilen/firmware/build/bootloader/spi_flash/libspi_flash.a(spi_flash_raw.o)
                                          0xc (size before relaxing)
 .literal.uart_putc
                0x0000000040100274        0x8 /home/bram/Documents/vives/kortrijk/buisnesproject/Compilen/firmware/build/bootloader/esp8266/libesp8266.a(ets_printf.o)
 .literal.ets_putc
                0x000000004010027c        0x0 /home/bram/Documents/vives/kortrijk/buisnesproject/Compilen/firmware/build/bootloader/esp8266/libesp8266.a(ets_printf.o)
                                          0x8 (size before relaxing)
 .literal.ets_vprintf
                0x000000004010027c        0x8 /home/bram/Documents/vives/kortrijk/buisnesproject/Compilen/firmware/build/bootloader/esp8266/libesp8266.a(ets_printf.o)
 .literal.crc32_le
                0x0000000040100284        0x4 /home/bram/Documents/vives/kortrijk/buisnesproject/Compilen/firmware/build/bootloader/esp8266/libesp8266.a(crc.o)
 .iram1.0.literal
                0x0000000040100288        0x4 /home/bram/Documents/vives/kortrijk/buisnesproject/Compilen/firmware/build/bootloader/log/liblog.a(log.o)
 .iram1.1.literal
                0x000000004010028c       0x18 /home/bram/Documents/vives/kortrijk/buisnesproject/Compilen/firmware/build/bootloader/log/liblog.a(log.o)
                                         0x30 (size before relaxing)
 .iram1.0.literal
                0x00000000401002a4        0x0 /home/bram/Documents/vives/kortrijk/buisnesproject/Compilen/firmware/build/bootloader/esp8266/libesp8266.a(ets_printf.o)
                                          0x8 (size before relaxing)
 .text.selected_boot_partition
                0x00000000401002a4        0xc /home/bram/Documents/vives/kortrijk/buisnesproject/Compilen/firmware/build/bootloader/main/libmain.a(bootloader_start.o)
                                         0x10 (size before relaxing)
 .text.select_image
                0x00000000401002b0       0x51 /home/bram/Documents/vives/kortrijk/buisnesproject/Compilen/firmware/build/bootloader/main/libmain.a(bootloader_start.o)
                                         0x59 (size before relaxing)
 *fill*         0x0000000040100301        0x3 
 .text.call_start_cpu
                0x0000000040100304       0x18 /home/bram/Documents/vives/kortrijk/buisnesproject/Compilen/firmware/build/bootloader/main/libmain.a(bootloader_start.o)
                                         0x20 (size before relaxing)
                0x0000000040100304                call_start_cpu
 .text.print_flash_info
                0x000000004010031c       0xbd /home/bram/Documents/vives/kortrijk/buisnesproject/Compilen/firmware/build/bootloader/bootloader_support/libbootloader_support.a(bootloader_init.o)
                                         0xc4 (size before relaxing)
 *fill*         0x00000000401003d9        0x3 
 .text.uart_console_configure
                0x00000000401003dc        0xd /home/bram/Documents/vives/kortrijk/buisnesproject/Compilen/firmware/build/bootloader/bootloader_support/libbootloader_support.a(bootloader_init.o)
                                         0x10 (size before relaxing)
 *fill*         0x00000000401003e9        0x3 
 .text.update_flash_config
                0x00000000401003ec       0x17 /home/bram/Documents/vives/kortrijk/buisnesproject/Compilen/firmware/build/bootloader/bootloader_support/libbootloader_support.a(bootloader_init.o)
                                         0x1a (size before relaxing)
 *fill*         0x0000000040100403        0x1 
 .text.bootloader_main
                0x0000000040100404       0x5a /home/bram/Documents/vives/kortrijk/buisnesproject/Compilen/firmware/build/bootloader/bootloader_support/libbootloader_support.a(bootloader_init.o)
                                         0x6e (size before relaxing)
 *fill*         0x000000004010045e        0x2 
 .text.bootloader_init
                0x0000000040100460       0x22 /home/bram/Documents/vives/kortrijk/buisnesproject/Compilen/firmware/build/bootloader/bootloader_support/libbootloader_support.a(bootloader_init.o)
                0x0000000040100460                bootloader_init
 *fill*         0x0000000040100482        0x2 
 .text.bootloader_utility_start_image
                0x0000000040100484       0x14 /home/bram/Documents/vives/kortrijk/buisnesproject/Compilen/firmware/build/bootloader/bootloader_support/libbootloader_support.a(bootloader_utility.o)
 .text.log_invalid_app_partition
                0x0000000040100498       0x42 /home/bram/Documents/vives/kortrijk/buisnesproject/Compilen/firmware/build/bootloader/bootloader_support/libbootloader_support.a(bootloader_utility.o)
                                         0x4a (size before relaxing)
 *fill*         0x00000000401004da        0x2 
 .text.try_load_partition
                0x00000000401004dc       0x31 /home/bram/Documents/vives/kortrijk/buisnesproject/Compilen/firmware/build/bootloader/bootloader_support/libbootloader_support.a(bootloader_utility.o)
                                         0x35 (size before relaxing)
 *fill*         0x000000004010050d        0x3 
 .text.bootloader_utility_load_partition_table
                0x0000000040100510      0x152 /home/bram/Documents/vives/kortrijk/buisnesproject/Compilen/firmware/build/bootloader/bootloader_support/libbootloader_support.a(bootloader_utility.o)
                                        0x166 (size before relaxing)
                0x0000000040100510                bootloader_utility_load_partition_table
 *fill*         0x0000000040100662        0x2 
 .text.bootloader_utility_get_selected_boot_partition
                0x0000000040100664      0x111 /home/bram/Documents/vives/kortrijk/buisnesproject/Compilen/firmware/build/bootloader/bootloader_support/libbootloader_support.a(bootloader_utility.o)
                                        0x129 (size before relaxing)
                0x0000000040100664                bootloader_utility_get_selected_boot_partition
 *fill*         0x0000000040100775        0x3 
 .text.bootloader_utility_load_boot_image
                0x0000000040100778       0xb9 /home/bram/Documents/vives/kortrijk/buisnesproject/Compilen/firmware/build/bootloader/bootloader_support/libbootloader_support.a(bootloader_utility.o)
                                         0xd9 (size before relaxing)
                0x0000000040100778                bootloader_utility_load_boot_image
 *fill*         0x0000000040100831        0x3 
 .text.bootloader_utility_load_image
                0x0000000040100834       0x12 /home/bram/Documents/vives/kortrijk/buisnesproject/Compilen/firmware/build/bootloader/bootloader_support/libbootloader_support.a(bootloader_utility.o)
                0x0000000040100834                bootloader_utility_load_image
 *fill*         0x0000000040100846        0x2 
 .text.should_map
                0x0000000040100848       0x19 /home/bram/Documents/vives/kortrijk/buisnesproject/Compilen/firmware/build/bootloader/bootloader_support/libbootloader_support.a(esp_image_format.o)
 *fill*         0x0000000040100861        0x3 
 .text.should_load
                0x0000000040100864       0x14 /home/bram/Documents/vives/kortrijk/buisnesproject/Compilen/firmware/build/bootloader/bootloader_support/libbootloader_support.a(esp_image_format.o)
                                         0x18 (size before relaxing)
 .text.verify_image_header
                0x0000000040100878       0x60 /home/bram/Documents/vives/kortrijk/buisnesproject/Compilen/firmware/build/bootloader/bootloader_support/libbootloader_support.a(esp_image_format.o)
                                         0x68 (size before relaxing)
 .text.process_segment_data
                0x00000000401008d8       0x66 /home/bram/Documents/vives/kortrijk/buisnesproject/Compilen/firmware/build/bootloader/bootloader_support/libbootloader_support.a(esp_image_format.o)
                                         0x6a (size before relaxing)
 *fill*         0x000000004010093e        0x2 
 .text.verify_checksum
                0x0000000040100940       0x7f /home/bram/Documents/vives/kortrijk/buisnesproject/Compilen/firmware/build/bootloader/bootloader_support/libbootloader_support.a(esp_image_format.o)
                                         0x83 (size before relaxing)
 *fill*         0x00000000401009bf        0x1 
 .text.process_segment
                0x00000000401009c0       0xd8 /home/bram/Documents/vives/kortrijk/buisnesproject/Compilen/firmware/build/bootloader/bootloader_support/libbootloader_support.a(esp_image_format.o)
                                         0xec (size before relaxing)
 .text.esp_image_load
                0x0000000040100a98      0x152 /home/bram/Documents/vives/kortrijk/buisnesproject/Compilen/firmware/build/bootloader/bootloader_support/libbootloader_support.a(esp_image_format.o)
                                        0x16a (size before relaxing)
                0x0000000040100a98                esp_image_load
 *fill*         0x0000000040100bea        0x2 
 .text.esp_partition_table_basic_verify
                0x0000000040100bec       0xad /home/bram/Documents/vives/kortrijk/buisnesproject/Compilen/firmware/build/bootloader/bootloader_support/libbootloader_support.a(flash_partitions.o)
                0x0000000040100bec                esp_partition_table_basic_verify
 *fill*         0x0000000040100c99        0x3 
 .text.bootloader_common_ota_select_crc
                0x0000000040100c9c       0x10 /home/bram/Documents/vives/kortrijk/buisnesproject/Compilen/firmware/build/bootloader/bootloader_support/libbootloader_support.a(bootloader_common.o)
                                         0x14 (size before relaxing)
                0x0000000040100c9c                bootloader_common_ota_select_crc
 .text.bootloader_common_ota_select_valid
                0x0000000040100cac       0x21 /home/bram/Documents/vives/kortrijk/buisnesproject/Compilen/firmware/build/bootloader/bootloader_support/libbootloader_support.a(bootloader_common.o)
                                         0x25 (size before relaxing)
                0x0000000040100cac                bootloader_common_ota_select_valid
 *fill*         0x0000000040100ccd        0x3 
 .text.bootloader_flash_read_no_decrypt
                0x0000000040100cd0       0x14 /home/bram/Documents/vives/kortrijk/buisnesproject/Compilen/firmware/build/bootloader/bootloader_support/libbootloader_support.a(bootloader_flash.o)
 .text.bootloader_mmap
                0x0000000040100ce4       0x8f /home/bram/Documents/vives/kortrijk/buisnesproject/Compilen/firmware/build/bootloader/bootloader_support/libbootloader_support.a(bootloader_flash.o)
                                         0x97 (size before relaxing)
                0x0000000040100ce4                bootloader_mmap
 *fill*         0x0000000040100d73        0x1 
 .text.bootloader_munmap
                0x0000000040100d74       0x1b /home/bram/Documents/vives/kortrijk/buisnesproject/Compilen/firmware/build/bootloader/bootloader_support/libbootloader_support.a(bootloader_flash.o)
                0x0000000040100d74                bootloader_munmap
 *fill*         0x0000000040100d8f        0x1 
 .text.bootloader_flash_read
                0x0000000040100d90       0x62 /home/bram/Documents/vives/kortrijk/buisnesproject/Compilen/firmware/build/bootloader/bootloader_support/libbootloader_support.a(bootloader_flash.o)
                0x0000000040100d90                bootloader_flash_read
 *fill*         0x0000000040100df2        0x2 
 .text.spi_user_cmd
                0x0000000040100df4       0x44 /home/bram/Documents/vives/kortrijk/buisnesproject/Compilen/firmware/build/bootloader/spi_flash/libspi_flash.a(spi_flash.o)
                0x0000000040100df4                spi_user_cmd
 .text.special_flash_read_status
                0x0000000040100e38       0x35 /home/bram/Documents/vives/kortrijk/buisnesproject/Compilen/firmware/build/bootloader/spi_flash/libspi_flash.a(spi_flash.o)
                0x0000000040100e38                special_flash_read_status
 *fill*         0x0000000040100e6d        0x3 
 .text.flash_gd25q32c_read_status
                0x0000000040100e70       0x29 /home/bram/Documents/vives/kortrijk/buisnesproject/Compilen/firmware/build/bootloader/spi_flash/libspi_flash.a(spi_flash.o)
                                         0x2d (size before relaxing)
 *fill*         0x0000000040100e99        0x3 
 .text.special_flash_write_status
                0x0000000040100e9c       0x59 /home/bram/Documents/vives/kortrijk/buisnesproject/Compilen/firmware/build/bootloader/spi_flash/libspi_flash.a(spi_flash.o)
                0x0000000040100e9c                special_flash_write_status
 *fill*         0x0000000040100ef5        0x3 
 .text.spi_flash_enable_qio_bit6
                0x0000000040100ef8       0x13 /home/bram/Documents/vives/kortrijk/buisnesproject/Compilen/firmware/build/bootloader/spi_flash/libspi_flash.a(spi_flash.o)
 *fill*         0x0000000040100f0b        0x1 
 .text.flash_gd25q32c_write_status
                0x0000000040100f0c       0x2b /home/bram/Documents/vives/kortrijk/buisnesproject/Compilen/firmware/build/bootloader/spi_flash/libspi_flash.a(spi_flash.o)
 *fill*         0x0000000040100f37        0x1 
 .text.flash_gd25q32c_enable_QIO_mode
                0x0000000040100f38       0x39 /home/bram/Documents/vives/kortrijk/buisnesproject/Compilen/firmware/build/bootloader/spi_flash/libspi_flash.a(spi_flash.o)
                                         0x41 (size before relaxing)
 *fill*         0x0000000040100f71        0x3 
 .text.en25q16x_read_sfdp
                0x0000000040100f74       0x39 /home/bram/Documents/vives/kortrijk/buisnesproject/Compilen/firmware/build/bootloader/spi_flash/libspi_flash.a(spi_flash.o)
                                         0x3d (size before relaxing)
                0x0000000040100f74                en25q16x_read_sfdp
 *fill*         0x0000000040100fad        0x3 
 .text.spi_flash_get_id
                0x0000000040100fb0       0x1d /home/bram/Documents/vives/kortrijk/buisnesproject/Compilen/firmware/build/bootloader/spi_flash/libspi_flash.a(spi_flash.o)
                0x0000000040100fb0                spi_flash_get_id
 *fill*         0x0000000040100fcd        0x3 
 .text.spi_flash_read_status
                0x0000000040100fd0       0x1f /home/bram/Documents/vives/kortrijk/buisnesproject/Compilen/firmware/build/bootloader/spi_flash/libspi_flash.a(spi_flash.o)
                0x0000000040100fd0                spi_flash_read_status
 *fill*         0x0000000040100fef        0x1 
 .text.spi_flash_issi_enable_QIO_mode
                0x0000000040100ff0       0x3d /home/bram/Documents/vives/kortrijk/buisnesproject/Compilen/firmware/build/bootloader/spi_flash/libspi_flash.a(spi_flash.o)
                                         0x45 (size before relaxing)
 *fill*         0x000000004010102d        0x3 
 .text.special_flash_set_mode
                0x0000000040101030       0x3c /home/bram/Documents/vives/kortrijk/buisnesproject/Compilen/firmware/build/bootloader/spi_flash/libspi_flash.a(spi_flash.o)
                0x0000000040101030                special_flash_set_mode
 .text.en25q16x_write_volatile_status
                0x000000004010106c       0x44 /home/bram/Documents/vives/kortrijk/buisnesproject/Compilen/firmware/build/bootloader/spi_flash/libspi_flash.a(spi_flash.o)
                                         0x50 (size before relaxing)
                0x000000004010106c                en25q16x_write_volatile_status
 .text.user_spi_flash_dio_to_qio_pre_init
                0x00000000401010b0       0x8c /home/bram/Documents/vives/kortrijk/buisnesproject/Compilen/firmware/build/bootloader/spi_flash/libspi_flash.a(spi_flash.o)
                                         0x9c (size before relaxing)
                0x00000000401010b0                user_spi_flash_dio_to_qio_pre_init
 .text.esp_spi_flash_init
                0x000000004010113c       0xb4 /home/bram/Documents/vives/kortrijk/buisnesproject/Compilen/firmware/build/bootloader/spi_flash/libspi_flash.a(spi_flash.o)
                                         0xb8 (size before relaxing)
                0x000000004010113c                esp_spi_flash_init
 .text.Cache_Read_Disable_2
                0x00000000401011f0       0x38 /home/bram/Documents/vives/kortrijk/buisnesproject/Compilen/firmware/build/bootloader/spi_flash/libspi_flash.a(spi_flash_raw.o)
                0x00000000401011f0                Cache_Read_Disable_2
 .text.Cache_Read_Enable_2
                0x0000000040101228       0x2b /home/bram/Documents/vives/kortrijk/buisnesproject/Compilen/firmware/build/bootloader/spi_flash/libspi_flash.a(spi_flash_raw.o)
                0x0000000040101228                Cache_Read_Enable_New
                0x0000000040101228                Cache_Read_Enable_2
 *fill*         0x0000000040101253        0x1 
 .text.spi_flash_get_id_raw
                0x0000000040101254       0x4a /home/bram/Documents/vives/kortrijk/buisnesproject/Compilen/firmware/build/bootloader/spi_flash/libspi_flash.a(spi_flash_raw.o)
                0x0000000040101254                spi_flash_get_id_raw
 *fill*         0x000000004010129e        0x2 
 .text.spi_flash_read_status_raw
                0x00000000401012a0       0x1a /home/bram/Documents/vives/kortrijk/buisnesproject/Compilen/firmware/build/bootloader/spi_flash/libspi_flash.a(spi_flash_raw.o)
                                         0x1e (size before relaxing)
                0x00000000401012a0                spi_flash_read_status_raw
 *fill*         0x00000000401012ba        0x2 
 .text.spi_flash_enable_qmode_raw
                0x00000000401012bc       0x22 /home/bram/Documents/vives/kortrijk/buisnesproject/Compilen/firmware/build/bootloader/spi_flash/libspi_flash.a(spi_flash_raw.o)
                                         0x26 (size before relaxing)
                0x00000000401012bc                spi_flash_enable_qmode_raw
 *fill*         0x00000000401012de        0x2 
 .text.spi_user_cmd_raw
                0x00000000401012e0      0x3bb /home/bram/Documents/vives/kortrijk/buisnesproject/Compilen/firmware/build/bootloader/spi_flash/libspi_flash.a(spi_flash_raw.o)
                                        0x3c2 (size before relaxing)
                0x00000000401012e0                spi_user_cmd_raw
 *fill*         0x000000004010169b        0x1 
 .text.spi_flash_switch_to_qio_raw
                0x000000004010169c       0x28 /home/bram/Documents/vives/kortrijk/buisnesproject/Compilen/firmware/build/bootloader/spi_flash/libspi_flash.a(spi_flash_raw.o)
                0x000000004010169c                spi_flash_switch_to_qio_raw
 .text.uart_putc
                0x00000000401016c4       0x1e /home/bram/Documents/vives/kortrijk/buisnesproject/Compilen/firmware/build/bootloader/esp8266/libesp8266.a(ets_printf.o)
 *fill*         0x00000000401016e2        0x2 
 .text.ets_putc
                0x00000000401016e4       0x15 /home/bram/Documents/vives/kortrijk/buisnesproject/Compilen/firmware/build/bootloader/esp8266/libesp8266.a(ets_printf.o)
                                         0x18 (size before relaxing)
                0x00000000401016e4                ets_putc
 *fill*         0x00000000401016f9        0x3 
 .text.ets_vprintf
                0x00000000401016fc       0x18 /home/bram/Documents/vives/kortrijk/buisnesproject/Compilen/firmware/build/bootloader/esp8266/libesp8266.a(ets_printf.o)
                0x00000000401016fc                ets_vprintf
 .text.crc32_le
                0x0000000040101714       0x34 /home/bram/Documents/vives/kortrijk/buisnesproject/Compilen/firmware/build/bootloader/esp8266/libesp8266.a(crc.o)
                0x0000000040101714                crc32_le
 .text.phy_reg_default
                0x0000000040101748       0x36 /home/bram/esp/ESP8266_RTOS_SDK/components/esp8266/lib/libcore.a(phy.o)
                0x0000000040101758                phy_reg_default
 *fill*         0x000000004010177e        0x2 
 .text.uart_div_modify
                0x0000000040101780       0x50 /home/bram/esp/ESP8266_RTOS_SDK/components/esp8266/lib/libcore.a(uart.o)
                0x0000000040101790                uart_div_modify
 *fill*         0x00000000401017d0        0x0 
 *fill*         0x00000000401017d0        0x0 
 *fill*         0x00000000401017d0        0x0 
 *fill*         0x00000000401017d0        0x0 
 .text.index_to_partition
                0x00000000401017d0       0x4a /home/bram/Documents/vives/kortrijk/buisnesproject/Compilen/firmware/build/bootloader/bootloader_support/libbootloader_support.a(bootloader_utility.o)
 *fill*         0x000000004010181a        0x0 
 *fill*         0x000000004010181a        0x0 
 *fill*         0x000000004010181a        0x0 
 *fill*         0x000000004010181a        0x0 
 *fill*         0x000000004010181a        0x0 
 *fill*         0x000000004010181a        0x0 
 *fill*         0x000000004010181a        0x2 
 .text.verify_segment_header
                0x000000004010181c        0x7 /home/bram/Documents/vives/kortrijk/buisnesproject/Compilen/firmware/build/bootloader/bootloader_support/libbootloader_support.a(esp_image_format.o)
 *fill*         0x0000000040101823        0x0 
 *fill*         0x0000000040101823        0x0 
 *fill*         0x0000000040101823        0x0 
 *fill*         0x0000000040101823        0x0 
 *fill*         0x0000000040101823        0x0 
 *fill*         0x0000000040101823        0x0 
 *fill*         0x0000000040101823        0x0 
 *fill*         0x0000000040101823        0x0 
 *fill*         0x0000000040101823        0x0 
 *fill*         0x0000000040101823        0x0 
 *fill*         0x0000000040101823        0x0 
 *fill*         0x0000000040101823        0x0 
 *fill*         0x0000000040101823        0x0 
 *fill*         0x0000000040101823        0x0 
 *fill*         0x0000000040101823        0x0 
 *fill*         0x0000000040101823        0x0 
 *fill*         0x0000000040101823        0x0 
 *fill*         0x0000000040101823        0x0 
 *fill*         0x0000000040101823        0x0 
 *fill*         0x0000000040101823        0x0 
 *fill*         0x0000000040101823        0x0 
 *fill*         0x0000000040101823        0x0 
 *fill*         0x0000000040101823        0x0 
 *fill*         0x0000000040101823        0x0 
 *fill*         0x0000000040101823        0x0 
 *fill*         0x0000000040101823        0x0 
 *fill*         0x0000000040101823        0x0 
 *(.iram1 .iram1.*)
 *fill*         0x0000000040101823        0x1 
 .iram1.0       0x0000000040101824       0x11 /home/bram/Documents/vives/kortrijk/buisnesproject/Compilen/firmware/build/bootloader/log/liblog.a(log.o)
                0x0000000040101824                esp_log_early_timestamp
 *fill*         0x0000000040101835        0x3 
 .iram1.1       0x0000000040101838       0x75 /home/bram/Documents/vives/kortrijk/buisnesproject/Compilen/firmware/build/bootloader/log/liblog.a(log.o)
                                         0x80 (size before relaxing)
                0x0000000040101838                esp_early_log_write
 *fill*         0x00000000401018ad        0x3 
 .iram1.0       0x00000000401018b0       0x31 /home/bram/Documents/vives/kortrijk/buisnesproject/Compilen/firmware/build/bootloader/esp8266/libesp8266.a(ets_printf.o)
                                         0x35 (size before relaxing)
                0x00000000401018b0                ets_printf
 *fill*         0x00000000401018e1        0x0 
 *(.fini.literal)
 *(.fini)
 *(.gnu.version)
                0x00000000401018e1                _text_end = ABSOLUTE (.)
                0x00000000401018e1                _etext = .

.bss            0x000000003ffe8000      0x408
                0x000000003ffe8000                . = ALIGN (0x8)
                0x000000003ffe8000                _bss_start = ABSOLUTE (.)
 *(.dynsbss)
 *(.sbss)
 *(.sbss.*)
 *(.gnu.linkonce.sb.*)
 *(.scommon)
 *(.sbss2)
 *(.sbss2.*)
 *(.gnu.linkonce.sb2.*)
 *(.dynbss)
 *(.bss)
 *(.bss.*)
 .bss.pbuf$3621
                0x000000003ffe8000      0x400 /home/bram/Documents/vives/kortrijk/buisnesproject/Compilen/firmware/build/bootloader/bootloader_support/libbootloader_support.a(esp_image_format.o)
 .bss.mapped    0x000000003ffe8400        0x1 /home/bram/Documents/vives/kortrijk/buisnesproject/Compilen/firmware/build/bootloader/bootloader_support/libbootloader_support.a(bootloader_flash.o)
 .bss.FlashIsOnGoing
                0x000000003ffe8401        0x1 /home/bram/Documents/vives/kortrijk/buisnesproject/Compilen/firmware/build/bootloader/spi_flash/libspi_flash.a(spi_flash.o)
                0x000000003ffe8401                FlashIsOnGoing
 *(.gnu.linkonce.b.*)
 *(COMMON)
                0x000000003ffe8408                . = ALIGN (0x8)
 *fill*         0x000000003ffe8402        0x6 
                0x000000003ffe8408                _bss_end = ABSOLUTE (.)

.data           0x000000003ffe8408       0x18
                0x000000003ffe8408                _data_start = ABSOLUTE (.)
 *(.data)
 *(.data.*)
 .data.g_rom_flashchip
                0x000000003ffe8408       0x18 /home/bram/Documents/vives/kortrijk/buisnesproject/Compilen/firmware/build/bootloader/spi_flash/libspi_flash.a(spi_flash.o)
                0x000000003ffe8408                g_rom_flashchip
 *(.gnu.linkonce.d.*)
 *(.data1)
 *(.sdata)
 *(.sdata.*)
 *(.gnu.linkonce.s.*)
 *(.sdata2)
 *(.sdata2.*)
 *(.gnu.linkonce.s2.*)
 *(.jcr)
                0x000000003ffe8420                _data_end = ABSOLUTE (.)

.rodata         0x000000003ffe8420      0xd00
                0x000000003ffe8420                _rodata_start = ABSOLUTE (.)
 *(.rodata)
 *(.rodata.*)
 .rodata.select_image.str1.4
                0x000000003ffe8420       0x21 /home/bram/Documents/vives/kortrijk/buisnesproject/Compilen/firmware/build/bootloader/main/libmain.a(bootloader_start.o)
 *fill*         0x000000003ffe8441        0x3 
 .rodata.print_flash_info.str1.4
                0x000000003ffe8444       0x88 /home/bram/Documents/vives/kortrijk/buisnesproject/Compilen/firmware/build/bootloader/bootloader_support/libbootloader_support.a(bootloader_init.o)
                                         0x94 (size before relaxing)
 .rodata.print_flash_info
                0x000000003ffe84cc       0x28 /home/bram/Documents/vives/kortrijk/buisnesproject/Compilen/firmware/build/bootloader/bootloader_support/libbootloader_support.a(bootloader_init.o)
 .rodata.bootloader_main.str1.4
                0x000000003ffe84f4       0x72 /home/bram/Documents/vives/kortrijk/buisnesproject/Compilen/firmware/build/bootloader/bootloader_support/libbootloader_support.a(bootloader_init.o)
 *fill*         0x000000003ffe8566        0x2 
 .rodata.log_invalid_app_partition.str1.4
                0x000000003ffe8568       0x68 /home/bram/Documents/vives/kortrijk/buisnesproject/Compilen/firmware/build/bootloader/bootloader_support/libbootloader_support.a(bootloader_utility.o)
                                         0x70 (size before relaxing)
 .rodata.try_load_partition.str1.4
                0x000000003ffe85d0       0x29 /home/bram/Documents/vives/kortrijk/buisnesproject/Compilen/firmware/build/bootloader/bootloader_support/libbootloader_support.a(bootloader_utility.o)
 *fill*         0x000000003ffe85f9        0x3 
 .rodata.bootloader_utility_load_partition_table.str1.4
                0x000000003ffe85fc      0x137 /home/bram/Documents/vives/kortrijk/buisnesproject/Compilen/firmware/build/bootloader/bootloader_support/libbootloader_support.a(bootloader_utility.o)
 *fill*         0x000000003ffe8733        0x1 
 .rodata.bootloader_utility_get_selected_boot_partition.str1.4
                0x000000003ffe8734       0xef /home/bram/Documents/vives/kortrijk/buisnesproject/Compilen/firmware/build/bootloader/bootloader_support/libbootloader_support.a(bootloader_utility.o)
 *fill*         0x000000003ffe8823        0x1 
 .rodata.bootloader_utility_load_boot_image.str1.4
                0x000000003ffe8824       0x9a /home/bram/Documents/vives/kortrijk/buisnesproject/Compilen/firmware/build/bootloader/bootloader_support/libbootloader_support.a(bootloader_utility.o)
 *fill*         0x000000003ffe88be        0x2 
 .rodata.verify_image_header.str1.4
                0x000000003ffe88c0       0x82 /home/bram/Documents/vives/kortrijk/buisnesproject/Compilen/firmware/build/bootloader/bootloader_support/libbootloader_support.a(esp_image_format.o)
 *fill*         0x000000003ffe8942        0x2 
 .rodata.process_segment_data.str1.4
                0x000000003ffe8944       0x27 /home/bram/Documents/vives/kortrijk/buisnesproject/Compilen/firmware/build/bootloader/bootloader_support/libbootloader_support.a(esp_image_format.o)
 *fill*         0x000000003ffe896b        0x1 
 .rodata.verify_checksum.str1.4
                0x000000003ffe896c       0x57 /home/bram/Documents/vives/kortrijk/buisnesproject/Compilen/firmware/build/bootloader/bootloader_support/libbootloader_support.a(esp_image_format.o)
 *fill*         0x000000003ffe89c3        0x1 
 .rodata.process_segment.str1.4
                0x000000003ffe89c4       0x8f /home/bram/Documents/vives/kortrijk/buisnesproject/Compilen/firmware/build/bootloader/bootloader_support/libbootloader_support.a(esp_image_format.o)
                                         0x93 (size before relaxing)
 *fill*         0x000000003ffe8a53        0x1 
 .rodata.esp_image_load.str1.4
                0x000000003ffe8a54       0xaf /home/bram/Documents/vives/kortrijk/buisnesproject/Compilen/firmware/build/bootloader/bootloader_support/libbootloader_support.a(esp_image_format.o)
 *fill*         0x000000003ffe8b03        0x1 
 .rodata.esp_partition_table_basic_verify.str1.4
                0x000000003ffe8b04       0xb4 /home/bram/Documents/vives/kortrijk/buisnesproject/Compilen/firmware/build/bootloader/bootloader_support/libbootloader_support.a(flash_partitions.o)
 .rodata.bootloader_mmap.str1.4
                0x000000003ffe8bb8       0x57 /home/bram/Documents/vives/kortrijk/buisnesproject/Compilen/firmware/build/bootloader/bootloader_support/libbootloader_support.a(bootloader_flash.o)
 *fill*         0x000000003ffe8c0f        0x1 
 .rodata.bootloader_flash_read.str1.4
                0x000000003ffe8c10       0x9f /home/bram/Documents/vives/kortrijk/buisnesproject/Compilen/firmware/build/bootloader/bootloader_support/libbootloader_support.a(bootloader_flash.o)
 *fill*         0x000000003ffe8caf        0x1 
 .rodata.esp_spi_flash_init.str1.4
                0x000000003ffe8cb0       0x29 /home/bram/Documents/vives/kortrijk/buisnesproject/Compilen/firmware/build/bootloader/spi_flash/libspi_flash.a(spi_flash.o)
 *fill*         0x000000003ffe8cd9        0x3 
 .rodata.str1.4
                0x000000003ffe8cdc       0x24 /home/bram/Documents/vives/kortrijk/buisnesproject/Compilen/firmware/build/bootloader/log/liblog.a(log.o)
                                         0x22 (size before relaxing)
 .rodata.s_log_prefix
                0x000000003ffe8d00        0x6 /home/bram/Documents/vives/kortrijk/buisnesproject/Compilen/firmware/build/bootloader/log/liblog.a(log.o)
 *fill*         0x000000003ffe8d06        0x2 
 .rodata.s_log_color
                0x000000003ffe8d08       0x18 /home/bram/Documents/vives/kortrijk/buisnesproject/Compilen/firmware/build/bootloader/log/liblog.a(log.o)
 .rodata.crc32_le_table
                0x000000003ffe8d20      0x400 /home/bram/Documents/vives/kortrijk/buisnesproject/Compilen/firmware/build/bootloader/esp8266/libesp8266.a(crc.o)
 *(.gnu.linkonce.r.*)
 *(.rodata1)
                0x000000003ffe9120                __XT_EXCEPTION_TABLE_ = ABSOLUTE (.)
 *(.xt_except_table)
 *(.gcc_except_table)
 *(.gnu.linkonce.e.*)
 *(.gnu.version_r)
 *(.eh_frame)
                0x000000003ffe9120                . = ((. + 0x3) & 0xfffffffffffffffc)
                0x000000003ffe9120                __init_array_start = ABSOLUTE (.)
 *crtbegin.o(.ctors)
 *(EXCLUDE_FILE(*crtend.o) .ctors)
 *(SORT_BY_NAME(.ctors.*))
 *(.ctors)
                0x000000003ffe9120                __init_array_end = ABSOLUTE (.)
 *crtbegin.o(.dtors)
 *(EXCLUDE_FILE(*crtend.o) .dtors)
 *(SORT_BY_NAME(.dtors.*))
 *(.dtors)
                0x000000003ffe9120                __XT_EXCEPTION_DESCS_ = ABSOLUTE (.)
 *(.xt_except_desc)
 *(.gnu.linkonce.h.*)
                0x000000003ffe9120                __XT_EXCEPTION_DESCS_END__ = ABSOLUTE (.)
 *(.xt_except_desc_end)
 *(.dynamic)
 *(.gnu.version_d)
                0x000000003ffe9120                _rodata_end = ABSOLUTE (.)
                0x000000003ffe9120                _lit4_start = ABSOLUTE (.)
 *(*.lit4)
 *(.lit4.*)
 *(.gnu.linkonce.lit4.*)
                0x000000003ffe9120                _lit4_end = ABSOLUTE (.)
                0x000000003ffe9120                . = ALIGN (0x4)
                0x000000003ffe9120                _heap_start = ABSOLUTE (.)
                0x0000000060001100                PROVIDE (rtc_sys_info = 0x60001100)
                0x00000000400040c0                PROVIDE (SPI_sector_erase = 0x400040c0)
                0x0000000040004174                PROVIDE (SPI_page_program = 0x40004174)
                0x00000000400042ac                PROVIDE (SPI_read_data = 0x400042ac)
                0x00000000400043c8                PROVIDE (SPI_read_status = 0x400043c8)
                0x0000000040004400                PROVIDE (SPI_write_status = 0x40004400)
                0x000000004000443c                PROVIDE (SPI_write_enable = 0x4000443c)
                0x000000004000448c                PROVIDE (Wait_SPI_Idle = 0x4000448c)
                0x00000000400044c0                PROVIDE (Enable_QMode = 0x400044c0)
                [!provide]                        PROVIDE (Disable_QMode = 0x40004508)
                0x0000000040004678                PROVIDE (Cache_Read_Enable = 0x40004678)
                0x00000000400047f0                PROVIDE (Cache_Read_Disable = 0x400047f0)
                [!provide]                        PROVIDE (lldesc_build_chain = 0x40004f40)
                [!provide]                        PROVIDE (lldesc_num2link = 0x40005050)
                [!provide]                        PROVIDE (lldesc_set_owner = 0x4000507c)
                0x000000004000c538                __adddf3 = 0x4000c538
                0x000000004000c180                __addsf3 = 0x4000c180
                0x000000004000cb94                __divdf3 = 0x4000cb94
                0x000000004000ce60                __divdi3 = 0x4000ce60
                0x000000004000dc88                __divsi3 = 0x4000dc88
                0x000000004000cdfc                __extendsfdf2 = 0x4000cdfc
                0x000000004000ccb8                __fixdfsi = 0x4000ccb8
                0x000000004000cd00                __fixunsdfsi = 0x4000cd00
                0x000000004000c4c4                __fixunssfsi = 0x4000c4c4
                0x000000004000e2f0                __floatsidf = 0x4000e2f0
                0x000000004000e2ac                __floatsisf = 0x4000e2ac
                0x000000004000e2e8                __floatunsidf = 0x4000e2e8
                0x000000004000e2a4                __floatunsisf = 0x4000e2a4
                0x000000004000c8f0                __muldf3 = 0x4000c8f0
                0x0000000040000650                __muldi3 = 0x40000650
                0x000000004000c3dc                __mulsf3 = 0x4000c3dc
                0x000000004000c688                __subdf3 = 0x4000c688
                0x000000004000c268                __subsf3 = 0x4000c268
                0x000000004000cd5c                __truncdfsf2 = 0x4000cd5c
                0x000000004000d310                __udivdi3 = 0x4000d310
                0x000000004000e21c                __udivsi3 = 0x4000e21c
                0x000000004000d770                __umoddi3 = 0x4000d770
                0x000000004000e268                __umodsi3 = 0x4000e268
                0x000000004000dcf0                __umulsidi3 = 0x4000dcf0
                0x000000004000de84                bzero = 0x4000de84
                0x000000004000dea8                memcmp = 0x4000dea8
                0x000000004000df48                memcpy = 0x4000df48
                0x000000004000e04c                memmove = 0x4000e04c
                0x000000004000e190                memset = 0x4000e190
                0x000000004000bdc8                strcmp = 0x4000bdc8
                0x000000004000bec8                strcpy = 0x4000bec8
                0x000000004000bf4c                strlen = 0x4000bf4c
                0x000000004000bfa8                strncmp = 0x4000bfa8
                0x000000004000c0a0                strncpy = 0x4000c0a0
                0x000000004000e1e0                strstr = 0x4000e1e0
                0x0000000040004cf0                PROVIDE (gpio_input_get = 0x40004cf0)
                [!provide]                        PROVIDE (gpio_pin_wakeup_disable = 0x40004ed4)
                [!provide]                        PROVIDE (gpio_pin_wakeup_enable = 0x40004e90)
                0x0000000040001f00                PROVIDE (ets_io_vprintf = 0x40001f00)
                [!provide]                        PROVIDE (uart_rx_one_char = 0x40003b8c)
                [!provide]                        PROVIDE (rom_i2c_readReg = 0x40007268)
                [!provide]                        PROVIDE (rom_i2c_readReg_Mask = 0x4000729c)
                [!provide]                        PROVIDE (rom_i2c_writeReg = 0x400072d8)
                [!provide]                        PROVIDE (rom_i2c_writeReg_Mask = 0x4000730c)
                [!provide]                        PROVIDE (rom_software_reboot = 0x40000080)
                [!provide]                        PROVIDE (ets_memcpy = 0x400018b4)
                0x0000000040004b1c                PROVIDE (SPIRead = 0x40004b1c)
                0x0000000040004a4c                PROVIDE (SPIWrite = 0x40004a4c)
                0x0000000040004a00                PROVIDE (SPIEraseSector = 0x40004a00)
                [!provide]                        PROVIDE (gpio_input_get = 0x40004cf0)
                [!provide]                        PROVIDE (xthal_get_ccount = 0x4000dd38)
                [!provide]                        PROVIDE (uart_div_modify = 0x400039d8)
                [!provide]                        PROVIDE (ets_io_vprintf = 0x40001f00)
OUTPUT(/home/bram/Documents/vives/kortrijk/buisnesproject/Compilen/firmware/build/bootloader/bootloader.elf elf32-xtensa-le)

.debug_frame    0x0000000000000000      0x870
 .debug_frame   0x0000000000000000       0x58 /home/bram/Documents/vives/kortrijk/buisnesproject/Compilen/firmware/build/bootloader/main/libmain.a(bootloader_start.o)
 .debug_frame   0x0000000000000058       0x88 /home/bram/Documents/vives/kortrijk/buisnesproject/Compilen/firmware/build/bootloader/bootloader_support/libbootloader_support.a(bootloader_init.o)
 .debug_frame   0x00000000000000e0       0xe8 /home/bram/Documents/vives/kortrijk/buisnesproject/Compilen/firmware/build/bootloader/bootloader_support/libbootloader_support.a(bootloader_utility.o)
 .debug_frame   0x00000000000001c8       0xe8 /home/bram/Documents/vives/kortrijk/buisnesproject/Compilen/firmware/build/bootloader/bootloader_support/libbootloader_support.a(esp_image_format.o)
 .debug_frame   0x00000000000002b0       0x28 /home/bram/Documents/vives/kortrijk/buisnesproject/Compilen/firmware/build/bootloader/bootloader_support/libbootloader_support.a(flash_partitions.o)
 .debug_frame   0x00000000000002d8       0x58 /home/bram/Documents/vives/kortrijk/buisnesproject/Compilen/firmware/build/bootloader/bootloader_support/libbootloader_support.a(bootloader_common.o)
 .debug_frame   0x0000000000000330       0xa0 /home/bram/Documents/vives/kortrijk/buisnesproject/Compilen/firmware/build/bootloader/bootloader_support/libbootloader_support.a(bootloader_flash.o)
 .debug_frame   0x00000000000003d0      0x280 /home/bram/Documents/vives/kortrijk/buisnesproject/Compilen/firmware/build/bootloader/spi_flash/libspi_flash.a(spi_flash.o)
 .debug_frame   0x0000000000000650      0x118 /home/bram/Documents/vives/kortrijk/buisnesproject/Compilen/firmware/build/bootloader/spi_flash/libspi_flash.a(spi_flash_raw.o)
 .debug_frame   0x0000000000000768       0x40 /home/bram/Documents/vives/kortrijk/buisnesproject/Compilen/firmware/build/bootloader/log/liblog.a(log.o)
 .debug_frame   0x00000000000007a8       0x70 /home/bram/Documents/vives/kortrijk/buisnesproject/Compilen/firmware/build/bootloader/esp8266/libesp8266.a(ets_printf.o)
 .debug_frame   0x0000000000000818       0x58 /home/bram/Documents/vives/kortrijk/buisnesproject/Compilen/firmware/build/bootloader/esp8266/libesp8266.a(crc.o)

.debug_info     0x0000000000000000     0xc589
 .debug_info    0x0000000000000000      0xd7e /home/bram/Documents/vives/kortrijk/buisnesproject/Compilen/firmware/build/bootloader/main/libmain.a(bootloader_start.o)
 .debug_info    0x0000000000000d7e      0xe36 /home/bram/Documents/vives/kortrijk/buisnesproject/Compilen/firmware/build/bootloader/bootloader_support/libbootloader_support.a(bootloader_init.o)
 .debug_info    0x0000000000001bb4     0x1769 /home/bram/Documents/vives/kortrijk/buisnesproject/Compilen/firmware/build/bootloader/bootloader_support/libbootloader_support.a(bootloader_utility.o)
 .debug_info    0x000000000000331d     0x1695 /home/bram/Documents/vives/kortrijk/buisnesproject/Compilen/firmware/build/bootloader/bootloader_support/libbootloader_support.a(esp_image_format.o)
 .debug_info    0x00000000000049b2      0xc97 /home/bram/Documents/vives/kortrijk/buisnesproject/Compilen/firmware/build/bootloader/bootloader_support/libbootloader_support.a(flash_partitions.o)
 .debug_info    0x0000000000005649     0x12ab /home/bram/Documents/vives/kortrijk/buisnesproject/Compilen/firmware/build/bootloader/bootloader_support/libbootloader_support.a(bootloader_common.o)
 .debug_info    0x00000000000068f4      0xe03 /home/bram/Documents/vives/kortrijk/buisnesproject/Compilen/firmware/build/bootloader/bootloader_support/libbootloader_support.a(bootloader_flash.o)
 .debug_info    0x00000000000076f7     0x1db4 /home/bram/Documents/vives/kortrijk/buisnesproject/Compilen/firmware/build/bootloader/spi_flash/libspi_flash.a(spi_flash.o)
 .debug_info    0x00000000000094ab     0x1090 /home/bram/Documents/vives/kortrijk/buisnesproject/Compilen/firmware/build/bootloader/spi_flash/libspi_flash.a(spi_flash_raw.o)
 .debug_info    0x000000000000a53b     0x12ae /home/bram/Documents/vives/kortrijk/buisnesproject/Compilen/firmware/build/bootloader/log/liblog.a(log.o)
 .debug_info    0x000000000000b7e9      0xb5f /home/bram/Documents/vives/kortrijk/buisnesproject/Compilen/firmware/build/bootloader/esp8266/libesp8266.a(ets_printf.o)
 .debug_info    0x000000000000c348      0x241 /home/bram/Documents/vives/kortrijk/buisnesproject/Compilen/firmware/build/bootloader/esp8266/libesp8266.a(crc.o)

.debug_abbrev   0x0000000000000000     0x215b
 .debug_abbrev  0x0000000000000000      0x2a2 /home/bram/Documents/vives/kortrijk/buisnesproject/Compilen/firmware/build/bootloader/main/libmain.a(bootloader_start.o)
 .debug_abbrev  0x00000000000002a2      0x2f4 /home/bram/Documents/vives/kortrijk/buisnesproject/Compilen/firmware/build/bootloader/bootloader_support/libbootloader_support.a(bootloader_init.o)
 .debug_abbrev  0x0000000000000596      0x348 /home/bram/Documents/vives/kortrijk/buisnesproject/Compilen/firmware/build/bootloader/bootloader_support/libbootloader_support.a(bootloader_utility.o)
 .debug_abbrev  0x00000000000008de      0x316 /home/bram/Documents/vives/kortrijk/buisnesproject/Compilen/firmware/build/bootloader/bootloader_support/libbootloader_support.a(esp_image_format.o)
 .debug_abbrev  0x0000000000000bf4      0x282 /home/bram/Documents/vives/kortrijk/buisnesproject/Compilen/firmware/build/bootloader/bootloader_support/libbootloader_support.a(flash_partitions.o)
 .debug_abbrev  0x0000000000000e76      0x2ba /home/bram/Documents/vives/kortrijk/buisnesproject/Compilen/firmware/build/bootloader/bootloader_support/libbootloader_support.a(bootloader_common.o)
 .debug_abbrev  0x0000000000001130      0x29a /home/bram/Documents/vives/kortrijk/buisnesproject/Compilen/firmware/build/bootloader/bootloader_support/libbootloader_support.a(bootloader_flash.o)
 .debug_abbrev  0x00000000000013ca      0x442 /home/bram/Documents/vives/kortrijk/buisnesproject/Compilen/firmware/build/bootloader/spi_flash/libspi_flash.a(spi_flash.o)
 .debug_abbrev  0x000000000000180c      0x2ab /home/bram/Documents/vives/kortrijk/buisnesproject/Compilen/firmware/build/bootloader/spi_flash/libspi_flash.a(spi_flash_raw.o)
 .debug_abbrev  0x0000000000001ab7      0x312 /home/bram/Documents/vives/kortrijk/buisnesproject/Compilen/firmware/build/bootloader/log/liblog.a(log.o)
 .debug_abbrev  0x0000000000001dc9      0x2b3 /home/bram/Documents/vives/kortrijk/buisnesproject/Compilen/firmware/build/bootloader/esp8266/libesp8266.a(ets_printf.o)
 .debug_abbrev  0x000000000000207c       0xdf /home/bram/Documents/vives/kortrijk/buisnesproject/Compilen/firmware/build/bootloader/esp8266/libesp8266.a(crc.o)

.debug_loc      0x0000000000000000     0x2566
 .debug_loc     0x0000000000000000       0xe5 /home/bram/Documents/vives/kortrijk/buisnesproject/Compilen/firmware/build/bootloader/main/libmain.a(bootloader_start.o)
 .debug_loc     0x00000000000000e5       0x8a /home/bram/Documents/vives/kortrijk/buisnesproject/Compilen/firmware/build/bootloader/bootloader_support/libbootloader_support.a(bootloader_init.o)
 .debug_loc     0x000000000000016f      0x595 /home/bram/Documents/vives/kortrijk/buisnesproject/Compilen/firmware/build/bootloader/bootloader_support/libbootloader_support.a(bootloader_utility.o)
 .debug_loc     0x0000000000000704      0x74f /home/bram/Documents/vives/kortrijk/buisnesproject/Compilen/firmware/build/bootloader/bootloader_support/libbootloader_support.a(esp_image_format.o)
 .debug_loc     0x0000000000000e53       0xfe /home/bram/Documents/vives/kortrijk/buisnesproject/Compilen/firmware/build/bootloader/bootloader_support/libbootloader_support.a(flash_partitions.o)
 .debug_loc     0x0000000000000f51      0x14c /home/bram/Documents/vives/kortrijk/buisnesproject/Compilen/firmware/build/bootloader/bootloader_support/libbootloader_support.a(bootloader_common.o)
 .debug_loc     0x000000000000109d      0x281 /home/bram/Documents/vives/kortrijk/buisnesproject/Compilen/firmware/build/bootloader/bootloader_support/libbootloader_support.a(bootloader_flash.o)
 .debug_loc     0x000000000000131e      0xc16 /home/bram/Documents/vives/kortrijk/buisnesproject/Compilen/firmware/build/bootloader/spi_flash/libspi_flash.a(spi_flash.o)
 .debug_loc     0x0000000000001f34      0x383 /home/bram/Documents/vives/kortrijk/buisnesproject/Compilen/firmware/build/bootloader/spi_flash/libspi_flash.a(spi_flash_raw.o)
 .debug_loc     0x00000000000022b7       0x81 /home/bram/Documents/vives/kortrijk/buisnesproject/Compilen/firmware/build/bootloader/log/liblog.a(log.o)
 .debug_loc     0x0000000000002338       0xad /home/bram/Documents/vives/kortrijk/buisnesproject/Compilen/firmware/build/bootloader/esp8266/libesp8266.a(ets_printf.o)
 .debug_loc     0x00000000000023e5      0x181 /home/bram/Documents/vives/kortrijk/buisnesproject/Compilen/firmware/build/bootloader/esp8266/libesp8266.a(crc.o)

.debug_aranges  0x0000000000000000      0x3b0
 .debug_aranges
                0x0000000000000000       0x30 /home/bram/Documents/vives/kortrijk/buisnesproject/Compilen/firmware/build/bootloader/main/libmain.a(bootloader_start.o)
 .debug_aranges
                0x0000000000000030       0x40 /home/bram/Documents/vives/kortrijk/buisnesproject/Compilen/firmware/build/bootloader/bootloader_support/libbootloader_support.a(bootloader_init.o)
 .debug_aranges
                0x0000000000000070       0x60 /home/bram/Documents/vives/kortrijk/buisnesproject/Compilen/firmware/build/bootloader/bootloader_support/libbootloader_support.a(bootloader_utility.o)
 .debug_aranges
                0x00000000000000d0       0x60 /home/bram/Documents/vives/kortrijk/buisnesproject/Compilen/firmware/build/bootloader/bootloader_support/libbootloader_support.a(esp_image_format.o)
 .debug_aranges
                0x0000000000000130       0x20 /home/bram/Documents/vives/kortrijk/buisnesproject/Compilen/firmware/build/bootloader/bootloader_support/libbootloader_support.a(flash_partitions.o)
 .debug_aranges
                0x0000000000000150       0x30 /home/bram/Documents/vives/kortrijk/buisnesproject/Compilen/firmware/build/bootloader/bootloader_support/libbootloader_support.a(bootloader_common.o)
 .debug_aranges
                0x0000000000000180       0x48 /home/bram/Documents/vives/kortrijk/buisnesproject/Compilen/firmware/build/bootloader/bootloader_support/libbootloader_support.a(bootloader_flash.o)
 .debug_aranges
                0x00000000000001c8       0xe8 /home/bram/Documents/vives/kortrijk/buisnesproject/Compilen/firmware/build/bootloader/spi_flash/libspi_flash.a(spi_flash.o)
 .debug_aranges
                0x00000000000002b0       0x70 /home/bram/Documents/vives/kortrijk/buisnesproject/Compilen/firmware/build/bootloader/spi_flash/libspi_flash.a(spi_flash_raw.o)
 .debug_aranges
                0x0000000000000320       0x28 /home/bram/Documents/vives/kortrijk/buisnesproject/Compilen/firmware/build/bootloader/log/liblog.a(log.o)
 .debug_aranges
                0x0000000000000348       0x38 /home/bram/Documents/vives/kortrijk/buisnesproject/Compilen/firmware/build/bootloader/esp8266/libesp8266.a(ets_printf.o)
 .debug_aranges
                0x0000000000000380       0x30 /home/bram/Documents/vives/kortrijk/buisnesproject/Compilen/firmware/build/bootloader/esp8266/libesp8266.a(crc.o)

.debug_ranges   0x0000000000000000      0x320
 .debug_ranges  0x0000000000000000       0x20 /home/bram/Documents/vives/kortrijk/buisnesproject/Compilen/firmware/build/bootloader/main/libmain.a(bootloader_start.o)
 .debug_ranges  0x0000000000000020       0x30 /home/bram/Documents/vives/kortrijk/buisnesproject/Compilen/firmware/build/bootloader/bootloader_support/libbootloader_support.a(bootloader_init.o)
 .debug_ranges  0x0000000000000050       0x50 /home/bram/Documents/vives/kortrijk/buisnesproject/Compilen/firmware/build/bootloader/bootloader_support/libbootloader_support.a(bootloader_utility.o)
 .debug_ranges  0x00000000000000a0       0x68 /home/bram/Documents/vives/kortrijk/buisnesproject/Compilen/firmware/build/bootloader/bootloader_support/libbootloader_support.a(esp_image_format.o)
 .debug_ranges  0x0000000000000108       0x10 /home/bram/Documents/vives/kortrijk/buisnesproject/Compilen/firmware/build/bootloader/bootloader_support/libbootloader_support.a(flash_partitions.o)
 .debug_ranges  0x0000000000000118       0x20 /home/bram/Documents/vives/kortrijk/buisnesproject/Compilen/firmware/build/bootloader/bootloader_support/libbootloader_support.a(bootloader_common.o)
 .debug_ranges  0x0000000000000138       0x38 /home/bram/Documents/vives/kortrijk/buisnesproject/Compilen/firmware/build/bootloader/bootloader_support/libbootloader_support.a(bootloader_flash.o)
 .debug_ranges  0x0000000000000170       0xf0 /home/bram/Documents/vives/kortrijk/buisnesproject/Compilen/firmware/build/bootloader/spi_flash/libspi_flash.a(spi_flash.o)
 .debug_ranges  0x0000000000000260       0x60 /home/bram/Documents/vives/kortrijk/buisnesproject/Compilen/firmware/build/bootloader/spi_flash/libspi_flash.a(spi_flash_raw.o)
 .debug_ranges  0x00000000000002c0       0x18 /home/bram/Documents/vives/kortrijk/buisnesproject/Compilen/firmware/build/bootloader/log/liblog.a(log.o)
 .debug_ranges  0x00000000000002d8       0x28 /home/bram/Documents/vives/kortrijk/buisnesproject/Compilen/firmware/build/bootloader/esp8266/libesp8266.a(ets_printf.o)
 .debug_ranges  0x0000000000000300       0x20 /home/bram/Documents/vives/kortrijk/buisnesproject/Compilen/firmware/build/bootloader/esp8266/libesp8266.a(crc.o)

.debug_line     0x0000000000000000     0x76da
 .debug_line    0x0000000000000000      0x4d0 /home/bram/Documents/vives/kortrijk/buisnesproject/Compilen/firmware/build/bootloader/main/libmain.a(bootloader_start.o)
 .debug_line    0x00000000000004d0      0x753 /home/bram/Documents/vives/kortrijk/buisnesproject/Compilen/firmware/build/bootloader/bootloader_support/libbootloader_support.a(bootloader_init.o)
 .debug_line    0x0000000000000c23     0x1273 /home/bram/Documents/vives/kortrijk/buisnesproject/Compilen/firmware/build/bootloader/bootloader_support/libbootloader_support.a(bootloader_utility.o)
 .debug_line    0x0000000000001e96     0x10fd /home/bram/Documents/vives/kortrijk/buisnesproject/Compilen/firmware/build/bootloader/bootloader_support/libbootloader_support.a(esp_image_format.o)
 .debug_line    0x0000000000002f93      0x597 /home/bram/Documents/vives/kortrijk/buisnesproject/Compilen/firmware/build/bootloader/bootloader_support/libbootloader_support.a(flash_partitions.o)
 .debug_line    0x000000000000352a      0x578 /home/bram/Documents/vives/kortrijk/buisnesproject/Compilen/firmware/build/bootloader/bootloader_support/libbootloader_support.a(bootloader_common.o)
 .debug_line    0x0000000000003aa2      0x79d /home/bram/Documents/vives/kortrijk/buisnesproject/Compilen/firmware/build/bootloader/bootloader_support/libbootloader_support.a(bootloader_flash.o)
 .debug_line    0x000000000000423f     0x1dfd /home/bram/Documents/vives/kortrijk/buisnesproject/Compilen/firmware/build/bootloader/spi_flash/libspi_flash.a(spi_flash.o)
 .debug_line    0x000000000000603c      0xb06 /home/bram/Documents/vives/kortrijk/buisnesproject/Compilen/firmware/build/bootloader/spi_flash/libspi_flash.a(spi_flash_raw.o)
 .debug_line    0x0000000000006b42      0x4a3 /home/bram/Documents/vives/kortrijk/buisnesproject/Compilen/firmware/build/bootloader/log/liblog.a(log.o)
 .debug_line    0x0000000000006fe5      0x3aa /home/bram/Documents/vives/kortrijk/buisnesproject/Compilen/firmware/build/bootloader/esp8266/libesp8266.a(ets_printf.o)
 .debug_line    0x000000000000738f      0x34b /home/bram/Documents/vives/kortrijk/buisnesproject/Compilen/firmware/build/bootloader/esp8266/libesp8266.a(crc.o)

.debug_str      0x0000000000000000     0x25fd
 .debug_str     0x0000000000000000      0x849 /home/bram/Documents/vives/kortrijk/buisnesproject/Compilen/firmware/build/bootloader/main/libmain.a(bootloader_start.o)
                                        0x91e (size before relaxing)
 .debug_str     0x0000000000000849      0x38c /home/bram/Documents/vives/kortrijk/buisnesproject/Compilen/firmware/build/bootloader/bootloader_support/libbootloader_support.a(bootloader_init.o)
                                        0xa55 (size before relaxing)
 .debug_str     0x0000000000000bd5      0x2e4 /home/bram/Documents/vives/kortrijk/buisnesproject/Compilen/firmware/build/bootloader/bootloader_support/libbootloader_support.a(bootloader_utility.o)
                                        0xbd3 (size before relaxing)
 .debug_str     0x0000000000000eb9      0x1d0 /home/bram/Documents/vives/kortrijk/buisnesproject/Compilen/firmware/build/bootloader/bootloader_support/libbootloader_support.a(esp_image_format.o)
                                        0xbc1 (size before relaxing)
 .debug_str     0x0000000000001089       0x7f /home/bram/Documents/vives/kortrijk/buisnesproject/Compilen/firmware/build/bootloader/bootloader_support/libbootloader_support.a(flash_partitions.o)
                                        0x7ef (size before relaxing)
 .debug_str     0x0000000000001108      0xab7 /home/bram/Documents/vives/kortrijk/buisnesproject/Compilen/firmware/build/bootloader/bootloader_support/libbootloader_support.a(bootloader_common.o)
                                       0x1101 (size before relaxing)
 .debug_str     0x0000000000001bbf      0x131 /home/bram/Documents/vives/kortrijk/buisnesproject/Compilen/firmware/build/bootloader/bootloader_support/libbootloader_support.a(bootloader_flash.o)
                                        0x7d7 (size before relaxing)
 .debug_str     0x0000000000001cf0      0x553 /home/bram/Documents/vives/kortrijk/buisnesproject/Compilen/firmware/build/bootloader/spi_flash/libspi_flash.a(spi_flash.o)
                                        0xd59 (size before relaxing)
 .debug_str     0x0000000000002243      0x127 /home/bram/Documents/vives/kortrijk/buisnesproject/Compilen/firmware/build/bootloader/spi_flash/libspi_flash.a(spi_flash_raw.o)
                                        0x901 (size before relaxing)
 .debug_str     0x000000000000236a      0x145 /home/bram/Documents/vives/kortrijk/buisnesproject/Compilen/firmware/build/bootloader/log/liblog.a(log.o)
                                       0x106a (size before relaxing)
 .debug_str     0x00000000000024af       0xd0 /home/bram/Documents/vives/kortrijk/buisnesproject/Compilen/firmware/build/bootloader/esp8266/libesp8266.a(ets_printf.o)
                                        0x6cf (size before relaxing)
 .debug_str     0x000000000000257f       0x7e /home/bram/Documents/vives/kortrijk/buisnesproject/Compilen/firmware/build/bootloader/esp8266/libesp8266.a(crc.o)
                                        0x1f7 (size before relaxing)

.comment        0x0000000000000000       0x5f
 .comment       0x0000000000000000       0x25 /home/bram/Documents/vives/kortrijk/buisnesproject/Compilen/firmware/build/bootloader/main/libmain.a(bootloader_start.o)
                                         0x26 (size before relaxing)
 .comment       0x0000000000000025       0x26 /home/bram/Documents/vives/kortrijk/buisnesproject/Compilen/firmware/build/bootloader/bootloader_support/libbootloader_support.a(bootloader_init.o)
 .comment       0x0000000000000025       0x26 /home/bram/Documents/vives/kortrijk/buisnesproject/Compilen/firmware/build/bootloader/bootloader_support/libbootloader_support.a(bootloader_utility.o)
 .comment       0x0000000000000025       0x26 /home/bram/Documents/vives/kortrijk/buisnesproject/Compilen/firmware/build/bootloader/bootloader_support/libbootloader_support.a(esp_image_format.o)
 .comment       0x0000000000000025       0x26 /home/bram/Documents/vives/kortrijk/buisnesproject/Compilen/firmware/build/bootloader/bootloader_support/libbootloader_support.a(flash_partitions.o)
 .comment       0x0000000000000025       0x26 /home/bram/Documents/vives/kortrijk/buisnesproject/Compilen/firmware/build/bootloader/bootloader_support/libbootloader_support.a(bootloader_common.o)
 .comment       0x0000000000000025       0x26 /home/bram/Documents/vives/kortrijk/buisnesproject/Compilen/firmware/build/bootloader/bootloader_support/libbootloader_support.a(bootloader_flash.o)
 .comment       0x0000000000000025       0x26 /home/bram/Documents/vives/kortrijk/buisnesproject/Compilen/firmware/build/bootloader/spi_flash/libspi_flash.a(spi_flash.o)
 .comment       0x0000000000000025       0x26 /home/bram/Documents/vives/kortrijk/buisnesproject/Compilen/firmware/build/bootloader/spi_flash/libspi_flash.a(spi_flash_raw.o)
 .comment       0x0000000000000025       0x26 /home/bram/Documents/vives/kortrijk/buisnesproject/Compilen/firmware/build/bootloader/log/liblog.a(log.o)
 .comment       0x0000000000000025       0x26 /home/bram/Documents/vives/kortrijk/buisnesproject/Compilen/firmware/build/bootloader/esp8266/libesp8266.a(ets_printf.o)
 .comment       0x0000000000000025       0x26 /home/bram/Documents/vives/kortrijk/buisnesproject/Compilen/firmware/build/bootloader/esp8266/libesp8266.a(crc.o)
 .comment       0x0000000000000025       0x3a /home/bram/esp/ESP8266_RTOS_SDK/components/esp8266/lib/libcore.a(phy.o)
                                         0x3b (size before relaxing)
 .comment       0x000000000000005f       0x3b /home/bram/esp/ESP8266_RTOS_SDK/components/esp8266/lib/libcore.a(uart.o)

.xtensa.info    0x0000000000000000       0x38
 .xtensa.info   0x0000000000000000       0x38 /home/bram/Documents/vives/kortrijk/buisnesproject/Compilen/firmware/build/bootloader/main/libmain.a(bootloader_start.o)
 .xtensa.info   0x0000000000000038        0x0 /home/bram/Documents/vives/kortrijk/buisnesproject/Compilen/firmware/build/bootloader/bootloader_support/libbootloader_support.a(bootloader_init.o)
 .xtensa.info   0x0000000000000038        0x0 /home/bram/Documents/vives/kortrijk/buisnesproject/Compilen/firmware/build/bootloader/bootloader_support/libbootloader_support.a(bootloader_utility.o)
 .xtensa.info   0x0000000000000038        0x0 /home/bram/Documents/vives/kortrijk/buisnesproject/Compilen/firmware/build/bootloader/bootloader_support/libbootloader_support.a(esp_image_format.o)
 .xtensa.info   0x0000000000000038        0x0 /home/bram/Documents/vives/kortrijk/buisnesproject/Compilen/firmware/build/bootloader/bootloader_support/libbootloader_support.a(flash_partitions.o)
 .xtensa.info   0x0000000000000038        0x0 /home/bram/Documents/vives/kortrijk/buisnesproject/Compilen/firmware/build/bootloader/bootloader_support/libbootloader_support.a(bootloader_common.o)
 .xtensa.info   0x0000000000000038        0x0 /home/bram/Documents/vives/kortrijk/buisnesproject/Compilen/firmware/build/bootloader/bootloader_support/libbootloader_support.a(bootloader_flash.o)
 .xtensa.info   0x0000000000000038        0x0 /home/bram/Documents/vives/kortrijk/buisnesproject/Compilen/firmware/build/bootloader/spi_flash/libspi_flash.a(spi_flash.o)
 .xtensa.info   0x0000000000000038        0x0 /home/bram/Documents/vives/kortrijk/buisnesproject/Compilen/firmware/build/bootloader/spi_flash/libspi_flash.a(spi_flash_raw.o)
 .xtensa.info   0x0000000000000038        0x0 /home/bram/Documents/vives/kortrijk/buisnesproject/Compilen/firmware/build/bootloader/log/liblog.a(log.o)
 .xtensa.info   0x0000000000000038        0x0 /home/bram/Documents/vives/kortrijk/buisnesproject/Compilen/firmware/build/bootloader/esp8266/libesp8266.a(ets_printf.o)
 .xtensa.info   0x0000000000000038        0x0 /home/bram/Documents/vives/kortrijk/buisnesproject/Compilen/firmware/build/bootloader/esp8266/libesp8266.a(crc.o)
 .xtensa.info   0x0000000000000038        0x0 /home/bram/Documents/vives/kortrijk/buisnesproject/Compilen/firmware/build/bootloader/esp8266/libesp8266.a(esp_fast_boot.o)
 .xtensa.info   0x0000000000000038        0x0 /home/bram/esp/ESP8266_RTOS_SDK/components/esp8266/lib/libcore.a(phy.o)
 .xtensa.info   0x0000000000000038        0x0 /home/bram/esp/ESP8266_RTOS_SDK/components/esp8266/lib/libcore.a(uart.o)
